[mujslcm.jaipur.manipal.edu_122/Home/Index.html]
[backblue.gif]
[fade.gif]
[index.html]
[mujslcm.jaipur.manipal.edu_122/keen/themes/keen/theme/demo1/dist/assets/css/pages/login/login-v1.css]
[mujslcm.jaipur.manipal.edu_122/keen/themes/keen/theme/demo1/dist/assets/plugins/global/plugins.bundle.css]
[mujslcm.jaipur.manipal.edu_122/keen/themes/keen/theme/demo1/dist/assets/css/style.bundle.css]
[mujslcm.jaipur.manipal.edu_122/keen/themes/keen/theme/demo1/dist/assets/css/skins/header/base/light.css]
[mujslcm.jaipur.manipal.edu_122/keen/themes/keen/theme/demo1/dist/assets/css/skins/header/menu/light.css]
[mujslcm.jaipur.manipal.edu_122/keen/themes/keen/theme/demo1/dist/assets/css/skins/brand/navy.css]
[mujslcm.jaipur.manipal.edu_122/keen/themes/keen/theme/demo1/dist/assets/css/skins/aside/navy.css]
[mujslcm.jaipur.manipal.edu_122/Scripts/jquery.validate.js]
[mujslcm.jaipur.manipal.edu_122/Scripts/jquery.validate.min.js]
[mujslcm.jaipur.manipal.edu_122/Scripts/jquery.validate.unobtrusive.js]
[mujslcm.jaipur.manipal.edu_122/Scripts/jquery.validate.unobtrusive.min.js]
[mujslcm.jaipur.manipal.edu_122/Scripts/jquery-1.10.2.min.js]
[mujslcm.jaipur.manipal.edu_122/keen/themes/keen/theme/demo1/dist/assets/media/misc/collage.png]
[mujslcm.jaipur.manipal.edu_122/keen/themes/keen/theme/demo1/dist/assets/media/logos/logo-4.png]
[mujslcm.jaipur.manipal.edu_122/keen/themes/keen/theme/demo1/dist/assets/media/misc/bg_1.jpg]
[mujslcm.jaipur.manipal.edu_122/keen/themes/keen/theme/demo1/dist/assets/js/scripts.bundle.js]
[mujslcm.jaipur.manipal.edu_122/keen/themes/keen/theme/demo1/dist/assets/js/pages/custom/user/login.js]
[mujslcm.jaipur.manipal.edu_122/Home/Index.html]
[mujslcm.jaipur.manipal.edu_122/keen/themes/keen/theme/demo1/dist/assets/css/pages/login/login-v1.css]
[mujslcm.jaipur.manipal.edu_122/keen/themes/keen/theme/demo1/dist/assets/plugins/global/plugins.bundle.js]
[mujslcm.jaipur.manipal.edu_122/keen/themes/keen/theme/demo1/dist/assets/plugins/global/images/owl.carousel/owl.video.play.png]
[mujslcm.jaipur.manipal.edu_122/keen/themes/keen/theme/demo1/dist/assets/plugins/global/fonts/summernote/summernote64fe64fe.eot]
[mujslcm.jaipur.manipal.edu_122/keen/themes/keen/theme/demo1/dist/assets/plugins/global/fonts/summernote/summernote64fe39ed.woff]
[mujslcm.jaipur.manipal.edu_122/keen/themes/keen/theme/demo1/dist/assets/plugins/global/fonts/summernote/summernote64fe39ed.ttf]
[mujslcm.jaipur.manipal.edu_122/keen/themes/keen/theme/demo1/dist/assets/plugins/global/fonts/socicon/socicon.eot]
[mujslcm.jaipur.manipal.edu_122/keen/themes/keen/theme/demo1/dist/assets/plugins/global/fonts/socicon/socicond41dd41d.eot]
[mujslcm.jaipur.manipal.edu_122/keen/themes/keen/theme/demo1/dist/assets/plugins/global/fonts/socicon/socicon.woff]
[mujslcm.jaipur.manipal.edu_122/keen/themes/keen/theme/demo1/dist/assets/plugins/global/fonts/socicon/socicon.ttf]
[mujslcm.jaipur.manipal.edu_122/keen/themes/keen/theme/demo1/dist/assets/plugins/global/fonts/line-awesome/line-awesomeeb4feb4f.eot]
[mujslcm.jaipur.manipal.edu_122/keen/themes/keen/theme/demo1/dist/assets/plugins/global/fonts/line-awesome/line-awesome01760176.eot]
[mujslcm.jaipur.manipal.edu_122/keen/themes/keen/theme/demo1/dist/assets/plugins/global/fonts/line-awesome/line-awesomeeb4f9623.woff2]
[mujslcm.jaipur.manipal.edu_122/keen/themes/keen/theme/demo1/dist/assets/plugins/global/fonts/line-awesome/line-awesomeeb4f9623.woff]
[mujslcm.jaipur.manipal.edu_122/keen/themes/keen/theme/demo1/dist/assets/plugins/global/fonts/line-awesome/line-awesomeeb4f9623.ttf]
[mujslcm.jaipur.manipal.edu_122/keen/themes/keen/theme/demo1/dist/assets/plugins/global/fonts/flaticon/Flaticon.eot]
[mujslcm.jaipur.manipal.edu_122/keen/themes/keen/theme/demo1/dist/assets/plugins/global/fonts/flaticon/Flaticond41dd41d.eot]
[mujslcm.jaipur.manipal.edu_122/keen/themes/keen/theme/demo1/dist/assets/plugins/global/fonts/flaticon/Flaticon.woff]
[mujslcm.jaipur.manipal.edu_122/keen/themes/keen/theme/demo1/dist/assets/plugins/global/fonts/flaticon/Flaticon.ttf]
[mujslcm.jaipur.manipal.edu_122/keen/themes/keen/theme/demo1/dist/assets/plugins/global/fonts/flaticon2/Flaticon2.eot]
[mujslcm.jaipur.manipal.edu_122/keen/themes/keen/theme/demo1/dist/assets/plugins/global/fonts/flaticon2/Flaticon2d41dd41d.eot]
[mujslcm.jaipur.manipal.edu_122/keen/themes/keen/theme/demo1/dist/assets/plugins/global/fonts/flaticon2/Flaticon2.woff]
[mujslcm.jaipur.manipal.edu_122/keen/themes/keen/theme/demo1/dist/assets/plugins/global/fonts/flaticon2/Flaticon2.ttf]
[mujslcm.jaipur.manipal.edu_122/keen/themes/keen/theme/demo1/dist/assets/plugins/global/fonts/@fortawesome/fa-brands-400.eot]
[mujslcm.jaipur.manipal.edu_122/keen/themes/keen/theme/demo1/dist/assets/plugins/global/fonts/@fortawesome/fa-brands-400d41dd41d.eot]
[mujslcm.jaipur.manipal.edu_122/keen/themes/keen/theme/demo1/dist/assets/plugins/global/fonts/@fortawesome/fa-brands-400.woff2]
[mujslcm.jaipur.manipal.edu_122/keen/themes/keen/theme/demo1/dist/assets/plugins/global/fonts/@fortawesome/fa-brands-400.woff]
[mujslcm.jaipur.manipal.edu_122/keen/themes/keen/theme/demo1/dist/assets/plugins/global/fonts/@fortawesome/fa-brands-400.ttf]
[mujslcm.jaipur.manipal.edu_122/keen/themes/keen/theme/demo1/dist/assets/plugins/global/fonts/@fortawesome/fa-regular-400.eot]
[mujslcm.jaipur.manipal.edu_122/keen/themes/keen/theme/demo1/dist/assets/plugins/global/fonts/@fortawesome/fa-regular-400d41dd41d.eot]
[mujslcm.jaipur.manipal.edu_122/keen/themes/keen/theme/demo1/dist/assets/plugins/global/fonts/@fortawesome/fa-regular-400.woff2]
[mujslcm.jaipur.manipal.edu_122/keen/themes/keen/theme/demo1/dist/assets/plugins/global/fonts/@fortawesome/fa-regular-400.woff]
[mujslcm.jaipur.manipal.edu_122/keen/themes/keen/theme/demo1/dist/assets/plugins/global/fonts/@fortawesome/fa-regular-400.ttf]
[mujslcm.jaipur.manipal.edu_122/keen/themes/keen/theme/demo1/dist/assets/plugins/global/fonts/@fortawesome/fa-solid-900.eot]
[mujslcm.jaipur.manipal.edu_122/keen/themes/keen/theme/demo1/dist/assets/plugins/global/fonts/@fortawesome/fa-solid-900d41dd41d.eot]
[mujslcm.jaipur.manipal.edu_122/keen/themes/keen/theme/demo1/dist/assets/plugins/global/fonts/@fortawesome/fa-solid-900.woff2]
[mujslcm.jaipur.manipal.edu_122/keen/themes/keen/theme/demo1/dist/assets/plugins/global/fonts/@fortawesome/fa-solid-900.woff]
[mujslcm.jaipur.manipal.edu_122/keen/themes/keen/theme/demo1/dist/assets/plugins/global/fonts/@fortawesome/fa-solid-900.ttf]
[mujslcm.jaipur.manipal.edu_122/keen/themes/keen/theme/demo1/dist/assets/plugins/global/plugins.bundle.css]
[mujslcm.jaipur.manipal.edu_122/keen/themes/keen/theme/demo1/dist/assets/media/logos/watermark.png]
[mujslcm.jaipur.manipal.edu_122/keen/themes/keen/theme/demo1/dist/assets/media/misc/iconbox_bg.png]
[mujslcm.jaipur.manipal.edu_122/keen/themes/keen/theme/demo1/dist/assets/css/style.bundle.css]
[mujslcm.jaipur.manipal.edu_122/keen/themes/keen/theme/demo1/dist/assets/css/skins/header/base/light.css]
[mujslcm.jaipur.manipal.edu_122/keen/themes/keen/theme/demo1/dist/assets/css/skins/header/menu/light.css]
[mujslcm.jaipur.manipal.edu_122/keen/themes/keen/theme/demo1/dist/assets/css/skins/brand/navy.css]
[mujslcm.jaipur.manipal.edu_122/keen/themes/keen/theme/demo1/dist/assets/css/skins/aside/navy.css]
[mujslcm.jaipur.manipal.edu_122/keen/themes/keen/theme/demo1/dist/assets/plugins/global/fonts/socicon/socicon.svg]
[mujslcm.jaipur.manipal.edu_122/keen/themes/keen/theme/demo1/dist/assets/plugins/global/fonts/line-awesome/line-awesomeeb4feb4f.svg]
[mujslcm.jaipur.manipal.edu_122/keen/themes/keen/theme/demo1/dist/assets/plugins/global/fonts/flaticon/Flaticon.svg]
[mujslcm.jaipur.manipal.edu_122/keen/themes/keen/theme/demo1/dist/assets/plugins/global/fonts/flaticon2/Flaticon2.svg]
[mujslcm.jaipur.manipal.edu_122/keen/themes/keen/theme/demo1/dist/assets/plugins/global/fonts/@fortawesome/fa-brands-400.svg]
[mujslcm.jaipur.manipal.edu_122/keen/themes/keen/theme/demo1/dist/assets/plugins/global/fonts/@fortawesome/fa-regular-400.svg]
[mujslcm.jaipur.manipal.edu_122/keen/themes/keen/theme/demo1/dist/assets/plugins/global/fonts/@fortawesome/fa-solid-900.svg]
